Archive member included to satisfy reference by file (symbol)

c:/program files (x86)/atmel/studio/7.0/toolchain/avr8/avr8-gnu-toolchain/bin/../lib/gcc/avr/5.4.0/avr5\libgcc.a(_divmodhi4.o)
                              LCD_Prog.o (__divmodhi4)
c:/program files (x86)/atmel/studio/7.0/toolchain/avr8/avr8-gnu-toolchain/bin/../lib/gcc/avr/5.4.0/avr5\libgcc.a(_exit.o)
                              C:/Program Files (x86)/Atmel/Studio/7.0/Packs/atmel/ATmega_DFP/1.7.374/gcc/dev/atmega32/avr5/crtatmega32.o (exit)
c:/program files (x86)/atmel/studio/7.0/toolchain/avr8/avr8-gnu-toolchain/bin/../lib/gcc/avr/5.4.0/avr5\libgcc.a(_copy_data.o)
                              Free_RTOS/heap_2.o (__do_copy_data)
c:/program files (x86)/atmel/studio/7.0/toolchain/avr8/avr8-gnu-toolchain/bin/../lib/gcc/avr/5.4.0/avr5\libgcc.a(_clear_bss.o)
                              Free_RTOS/heap_2.o (__do_clear_bss)
c:/program files (x86)/atmel/studio/7.0/toolchain/avr8/avr8-gnu-toolchain/bin/../lib/gcc/avr/5.4.0/avr5\libgcc.a(_udivmodhi4.o)
                              c:/program files (x86)/atmel/studio/7.0/toolchain/avr8/avr8-gnu-toolchain/bin/../lib/gcc/avr/5.4.0/avr5\libgcc.a(_divmodhi4.o) (__udivmodhi4)
c:/program files (x86)/atmel/studio/7.0/toolchain/avr8/avr8-gnu-toolchain/bin/../lib/gcc/avr/5.4.0/../../../../avr/lib/avr5\libc.a(memcpy.o)
                              Free_RTOS/queue.o (memcpy)

Allocating common symbols
Common symbol       size              file

LCD_SEM             0x2               main.o

Discarded input sections

 .data          0x00000000        0x0 C:/Program Files (x86)/Atmel/Studio/7.0/Packs/atmel/ATmega_DFP/1.7.374/gcc/dev/atmega32/avr5/crtatmega32.o
 .bss           0x00000000        0x0 C:/Program Files (x86)/Atmel/Studio/7.0/Packs/atmel/ATmega_DFP/1.7.374/gcc/dev/atmega32/avr5/crtatmega32.o
 .text          0x00000000        0x0 DIO_Prog.o
 .data          0x00000000        0x0 DIO_Prog.o
 .bss           0x00000000        0x0 DIO_Prog.o
 .text.DIO_void_Set_pin_dir
                0x00000000       0xe2 DIO_Prog.o
 .text.DIO_u8_Get_pin_val
                0x00000000       0x64 DIO_Prog.o
 .text.DIO_void_toggle_pin
                0x00000000       0x6c DIO_Prog.o
 .text.set_port_val
                0x00000000       0x70 DIO_Prog.o
 .text          0x00000000        0x0 Free_RTOS/heap_2.o
 .data          0x00000000        0x0 Free_RTOS/heap_2.o
 .bss           0x00000000        0x0 Free_RTOS/heap_2.o
 .text.xPortGetFreeHeapSize
                0x00000000        0xa Free_RTOS/heap_2.o
 .text.vPortInitialiseBlocks
                0x00000000        0x2 Free_RTOS/heap_2.o
 .text          0x00000000        0x0 Free_RTOS/list.o
 .data          0x00000000        0x0 Free_RTOS/list.o
 .bss           0x00000000        0x0 Free_RTOS/list.o
 .text          0x00000000        0x0 Free_RTOS/port.o
 .data          0x00000000        0x0 Free_RTOS/port.o
 .bss           0x00000000        0x0 Free_RTOS/port.o
 .text.vPortEndScheduler
                0x00000000        0x2 Free_RTOS/port.o
 .text.vPortYieldFromTick
                0x00000000       0xb8 Free_RTOS/port.o
 .text          0x00000000        0x0 Free_RTOS/queue.o
 .data          0x00000000        0x0 Free_RTOS/queue.o
 .bss           0x00000000        0x0 Free_RTOS/queue.o
 .text.prvInitialiseMutex
                0x00000000       0x20 Free_RTOS/queue.o
 .text.xQueueCreateMutex
                0x00000000       0x1c Free_RTOS/queue.o
 .text.xQueueGenericSendFromISR
                0x00000000       0x74 Free_RTOS/queue.o
 .text.xQueueGiveFromISR
                0x00000000       0x52 Free_RTOS/queue.o
 .text.xQueueReceiveFromISR
                0x00000000       0x6e Free_RTOS/queue.o
 .text.xQueuePeekFromISR
                0x00000000       0x2e Free_RTOS/queue.o
 .text.uxQueueMessagesWaiting
                0x00000000       0x10 Free_RTOS/queue.o
 .text.uxQueueSpacesAvailable
                0x00000000       0x16 Free_RTOS/queue.o
 .text.uxQueueMessagesWaitingFromISR
                0x00000000        0x6 Free_RTOS/queue.o
 .text.vQueueDelete
                0x00000000        0x6 Free_RTOS/queue.o
 .text.xQueueIsQueueEmptyFromISR
                0x00000000       0x10 Free_RTOS/queue.o
 .text.xQueueIsQueueFullFromISR
                0x00000000       0x12 Free_RTOS/queue.o
 .text          0x00000000        0x0 Free_RTOS/tasks.o
 .data          0x00000000        0x0 Free_RTOS/tasks.o
 .bss           0x00000000        0x0 Free_RTOS/tasks.o
 .text.prvTaskIsTaskSuspended
                0x00000000       0x2e Free_RTOS/tasks.o
 .text.vTaskDelete
                0x00000000       0xa2 Free_RTOS/tasks.o
 .text.vTaskPrioritySet
                0x00000000       0xd4 Free_RTOS/tasks.o
 .text.vTaskResume
                0x00000000       0x78 Free_RTOS/tasks.o
 .text.xTaskResumeFromISR
                0x00000000       0x90 Free_RTOS/tasks.o
 .text.vTaskEndScheduler
                0x00000000        0xc Free_RTOS/tasks.o
 .text.xTaskGetTickCount
                0x00000000       0x14 Free_RTOS/tasks.o
 .text.xTaskGetTickCountFromISR
                0x00000000        0xa Free_RTOS/tasks.o
 .text.uxTaskGetNumberOfTasks
                0x00000000        0x6 Free_RTOS/tasks.o
 .text.pcTaskGetName
                0x00000000       0x10 Free_RTOS/tasks.o
 .text.vTaskDelayUntil
                0x00000000       0x82 Free_RTOS/tasks.o
 .text.vTaskSuspend
                0x00000000       0x9c Free_RTOS/tasks.o
 .text.vTaskPlaceOnUnorderedEventList
                0x00000000       0x32 Free_RTOS/tasks.o
 .text.xTaskRemoveFromUnorderedEventList
                0x00000000       0x74 Free_RTOS/tasks.o
 .text.xTaskGetCurrentTaskHandle
                0x00000000        0xa Free_RTOS/tasks.o
 .text.uxTaskResetEventItemValue
                0x00000000       0x2e Free_RTOS/tasks.o
 .text.ulTaskNotifyTake
                0x00000000       0xae Free_RTOS/tasks.o
 .text.xTaskNotifyWait
                0x00000000      0x108 Free_RTOS/tasks.o
 .text.xTaskGenericNotify
                0x00000000       0xfe Free_RTOS/tasks.o
 .text.xTaskGenericNotifyFromISR
                0x00000000      0x130 Free_RTOS/tasks.o
 .text.vTaskNotifyGiveFromISR
                0x00000000       0xb6 Free_RTOS/tasks.o
 .text.xTaskNotifyStateClear
                0x00000000       0x28 Free_RTOS/tasks.o
 .text          0x00000000        0x0 LCD_Prog.o
 .data          0x00000000        0x0 LCD_Prog.o
 .bss           0x00000000        0x0 LCD_Prog.o
 .text.LCD_send_number
                0x00000000       0xf4 LCD_Prog.o
 .text.LCD_Position_Row_Col
                0x00000000       0x18 LCD_Prog.o
 .text          0x00000000        0x0 main.o
 .data          0x00000000        0x0 main.o
 .bss           0x00000000        0x0 main.o
 .text          0x00000000        0x0 c:/program files (x86)/atmel/studio/7.0/toolchain/avr8/avr8-gnu-toolchain/bin/../lib/gcc/avr/5.4.0/avr5\libgcc.a(_divmodhi4.o)
 .data          0x00000000        0x0 c:/program files (x86)/atmel/studio/7.0/toolchain/avr8/avr8-gnu-toolchain/bin/../lib/gcc/avr/5.4.0/avr5\libgcc.a(_divmodhi4.o)
 .bss           0x00000000        0x0 c:/program files (x86)/atmel/studio/7.0/toolchain/avr8/avr8-gnu-toolchain/bin/../lib/gcc/avr/5.4.0/avr5\libgcc.a(_divmodhi4.o)
 .text.libgcc.mul
                0x00000000        0x0 c:/program files (x86)/atmel/studio/7.0/toolchain/avr8/avr8-gnu-toolchain/bin/../lib/gcc/avr/5.4.0/avr5\libgcc.a(_divmodhi4.o)
 .text.libgcc.div
                0x00000000       0x28 c:/program files (x86)/atmel/studio/7.0/toolchain/avr8/avr8-gnu-toolchain/bin/../lib/gcc/avr/5.4.0/avr5\libgcc.a(_divmodhi4.o)
 .text.libgcc   0x00000000        0x0 c:/program files (x86)/atmel/studio/7.0/toolchain/avr8/avr8-gnu-toolchain/bin/../lib/gcc/avr/5.4.0/avr5\libgcc.a(_divmodhi4.o)
 .text.libgcc.prologue
                0x00000000        0x0 c:/program files (x86)/atmel/studio/7.0/toolchain/avr8/avr8-gnu-toolchain/bin/../lib/gcc/avr/5.4.0/avr5\libgcc.a(_divmodhi4.o)
 .text.libgcc.builtins
                0x00000000        0x0 c:/program files (x86)/atmel/studio/7.0/toolchain/avr8/avr8-gnu-toolchain/bin/../lib/gcc/avr/5.4.0/avr5\libgcc.a(_divmodhi4.o)
 .text.libgcc.fmul
                0x00000000        0x0 c:/program files (x86)/atmel/studio/7.0/toolchain/avr8/avr8-gnu-toolchain/bin/../lib/gcc/avr/5.4.0/avr5\libgcc.a(_divmodhi4.o)
 .text.libgcc.fixed
                0x00000000        0x0 c:/program files (x86)/atmel/studio/7.0/toolchain/avr8/avr8-gnu-toolchain/bin/../lib/gcc/avr/5.4.0/avr5\libgcc.a(_divmodhi4.o)
 .text          0x00000000        0x0 c:/program files (x86)/atmel/studio/7.0/toolchain/avr8/avr8-gnu-toolchain/bin/../lib/gcc/avr/5.4.0/avr5\libgcc.a(_exit.o)
 .data          0x00000000        0x0 c:/program files (x86)/atmel/studio/7.0/toolchain/avr8/avr8-gnu-toolchain/bin/../lib/gcc/avr/5.4.0/avr5\libgcc.a(_exit.o)
 .bss           0x00000000        0x0 c:/program files (x86)/atmel/studio/7.0/toolchain/avr8/avr8-gnu-toolchain/bin/../lib/gcc/avr/5.4.0/avr5\libgcc.a(_exit.o)
 .text.libgcc.mul
                0x00000000        0x0 c:/program files (x86)/atmel/studio/7.0/toolchain/avr8/avr8-gnu-toolchain/bin/../lib/gcc/avr/5.4.0/avr5\libgcc.a(_exit.o)
 .text.libgcc.div
                0x00000000        0x0 c:/program files (x86)/atmel/studio/7.0/toolchain/avr8/avr8-gnu-toolchain/bin/../lib/gcc/avr/5.4.0/avr5\libgcc.a(_exit.o)
 .text.libgcc   0x00000000        0x0 c:/program files (x86)/atmel/studio/7.0/toolchain/avr8/avr8-gnu-toolchain/bin/../lib/gcc/avr/5.4.0/avr5\libgcc.a(_exit.o)
 .text.libgcc.prologue
                0x00000000        0x0 c:/program files (x86)/atmel/studio/7.0/toolchain/avr8/avr8-gnu-toolchain/bin/../lib/gcc/avr/5.4.0/avr5\libgcc.a(_exit.o)
 .text.libgcc.builtins
                0x00000000        0x0 c:/program files (x86)/atmel/studio/7.0/toolchain/avr8/avr8-gnu-toolchain/bin/../lib/gcc/avr/5.4.0/avr5\libgcc.a(_exit.o)
 .text.libgcc.fmul
                0x00000000        0x0 c:/program files (x86)/atmel/studio/7.0/toolchain/avr8/avr8-gnu-toolchain/bin/../lib/gcc/avr/5.4.0/avr5\libgcc.a(_exit.o)
 .text.libgcc.fixed
                0x00000000        0x0 c:/program files (x86)/atmel/studio/7.0/toolchain/avr8/avr8-gnu-toolchain/bin/../lib/gcc/avr/5.4.0/avr5\libgcc.a(_exit.o)
 .text          0x00000000        0x0 c:/program files (x86)/atmel/studio/7.0/toolchain/avr8/avr8-gnu-toolchain/bin/../lib/gcc/avr/5.4.0/avr5\libgcc.a(_copy_data.o)
 .data          0x00000000        0x0 c:/program files (x86)/atmel/studio/7.0/toolchain/avr8/avr8-gnu-toolchain/bin/../lib/gcc/avr/5.4.0/avr5\libgcc.a(_copy_data.o)
 .bss           0x00000000        0x0 c:/program files (x86)/atmel/studio/7.0/toolchain/avr8/avr8-gnu-toolchain/bin/../lib/gcc/avr/5.4.0/avr5\libgcc.a(_copy_data.o)
 .text.libgcc.mul
                0x00000000        0x0 c:/program files (x86)/atmel/studio/7.0/toolchain/avr8/avr8-gnu-toolchain/bin/../lib/gcc/avr/5.4.0/avr5\libgcc.a(_copy_data.o)
 .text.libgcc.div
                0x00000000        0x0 c:/program files (x86)/atmel/studio/7.0/toolchain/avr8/avr8-gnu-toolchain/bin/../lib/gcc/avr/5.4.0/avr5\libgcc.a(_copy_data.o)
 .text.libgcc   0x00000000        0x0 c:/program files (x86)/atmel/studio/7.0/toolchain/avr8/avr8-gnu-toolchain/bin/../lib/gcc/avr/5.4.0/avr5\libgcc.a(_copy_data.o)
 .text.libgcc.prologue
                0x00000000        0x0 c:/program files (x86)/atmel/studio/7.0/toolchain/avr8/avr8-gnu-toolchain/bin/../lib/gcc/avr/5.4.0/avr5\libgcc.a(_copy_data.o)
 .text.libgcc.builtins
                0x00000000        0x0 c:/program files (x86)/atmel/studio/7.0/toolchain/avr8/avr8-gnu-toolchain/bin/../lib/gcc/avr/5.4.0/avr5\libgcc.a(_copy_data.o)
 .text.libgcc.fmul
                0x00000000        0x0 c:/program files (x86)/atmel/studio/7.0/toolchain/avr8/avr8-gnu-toolchain/bin/../lib/gcc/avr/5.4.0/avr5\libgcc.a(_copy_data.o)
 .text.libgcc.fixed
                0x00000000        0x0 c:/program files (x86)/atmel/studio/7.0/toolchain/avr8/avr8-gnu-toolchain/bin/../lib/gcc/avr/5.4.0/avr5\libgcc.a(_copy_data.o)
 .text          0x00000000        0x0 c:/program files (x86)/atmel/studio/7.0/toolchain/avr8/avr8-gnu-toolchain/bin/../lib/gcc/avr/5.4.0/avr5\libgcc.a(_clear_bss.o)
 .data          0x00000000        0x0 c:/program files (x86)/atmel/studio/7.0/toolchain/avr8/avr8-gnu-toolchain/bin/../lib/gcc/avr/5.4.0/avr5\libgcc.a(_clear_bss.o)
 .bss           0x00000000        0x0 c:/program files (x86)/atmel/studio/7.0/toolchain/avr8/avr8-gnu-toolchain/bin/../lib/gcc/avr/5.4.0/avr5\libgcc.a(_clear_bss.o)
 .text.libgcc.mul
                0x00000000        0x0 c:/program files (x86)/atmel/studio/7.0/toolchain/avr8/avr8-gnu-toolchain/bin/../lib/gcc/avr/5.4.0/avr5\libgcc.a(_clear_bss.o)
 .text.libgcc.div
                0x00000000        0x0 c:/program files (x86)/atmel/studio/7.0/toolchain/avr8/avr8-gnu-toolchain/bin/../lib/gcc/avr/5.4.0/avr5\libgcc.a(_clear_bss.o)
 .text.libgcc   0x00000000        0x0 c:/program files (x86)/atmel/studio/7.0/toolchain/avr8/avr8-gnu-toolchain/bin/../lib/gcc/avr/5.4.0/avr5\libgcc.a(_clear_bss.o)
 .text.libgcc.prologue
                0x00000000        0x0 c:/program files (x86)/atmel/studio/7.0/toolchain/avr8/avr8-gnu-toolchain/bin/../lib/gcc/avr/5.4.0/avr5\libgcc.a(_clear_bss.o)
 .text.libgcc.builtins
                0x00000000        0x0 c:/program files (x86)/atmel/studio/7.0/toolchain/avr8/avr8-gnu-toolchain/bin/../lib/gcc/avr/5.4.0/avr5\libgcc.a(_clear_bss.o)
 .text.libgcc.fmul
                0x00000000        0x0 c:/program files (x86)/atmel/studio/7.0/toolchain/avr8/avr8-gnu-toolchain/bin/../lib/gcc/avr/5.4.0/avr5\libgcc.a(_clear_bss.o)
 .text.libgcc.fixed
                0x00000000        0x0 c:/program files (x86)/atmel/studio/7.0/toolchain/avr8/avr8-gnu-toolchain/bin/../lib/gcc/avr/5.4.0/avr5\libgcc.a(_clear_bss.o)
 .text          0x00000000        0x0 c:/program files (x86)/atmel/studio/7.0/toolchain/avr8/avr8-gnu-toolchain/bin/../lib/gcc/avr/5.4.0/avr5\libgcc.a(_udivmodhi4.o)
 .data          0x00000000        0x0 c:/program files (x86)/atmel/studio/7.0/toolchain/avr8/avr8-gnu-toolchain/bin/../lib/gcc/avr/5.4.0/avr5\libgcc.a(_udivmodhi4.o)
 .bss           0x00000000        0x0 c:/program files (x86)/atmel/studio/7.0/toolchain/avr8/avr8-gnu-toolchain/bin/../lib/gcc/avr/5.4.0/avr5\libgcc.a(_udivmodhi4.o)
 .text.libgcc.mul
                0x00000000        0x0 c:/program files (x86)/atmel/studio/7.0/toolchain/avr8/avr8-gnu-toolchain/bin/../lib/gcc/avr/5.4.0/avr5\libgcc.a(_udivmodhi4.o)
 .text.libgcc.div
                0x00000000       0x28 c:/program files (x86)/atmel/studio/7.0/toolchain/avr8/avr8-gnu-toolchain/bin/../lib/gcc/avr/5.4.0/avr5\libgcc.a(_udivmodhi4.o)
 .text.libgcc   0x00000000        0x0 c:/program files (x86)/atmel/studio/7.0/toolchain/avr8/avr8-gnu-toolchain/bin/../lib/gcc/avr/5.4.0/avr5\libgcc.a(_udivmodhi4.o)
 .text.libgcc.prologue
                0x00000000        0x0 c:/program files (x86)/atmel/studio/7.0/toolchain/avr8/avr8-gnu-toolchain/bin/../lib/gcc/avr/5.4.0/avr5\libgcc.a(_udivmodhi4.o)
 .text.libgcc.builtins
                0x00000000        0x0 c:/program files (x86)/atmel/studio/7.0/toolchain/avr8/avr8-gnu-toolchain/bin/../lib/gcc/avr/5.4.0/avr5\libgcc.a(_udivmodhi4.o)
 .text.libgcc.fmul
                0x00000000        0x0 c:/program files (x86)/atmel/studio/7.0/toolchain/avr8/avr8-gnu-toolchain/bin/../lib/gcc/avr/5.4.0/avr5\libgcc.a(_udivmodhi4.o)
 .text.libgcc.fixed
                0x00000000        0x0 c:/program files (x86)/atmel/studio/7.0/toolchain/avr8/avr8-gnu-toolchain/bin/../lib/gcc/avr/5.4.0/avr5\libgcc.a(_udivmodhi4.o)
 .text          0x00000000        0x0 c:/program files (x86)/atmel/studio/7.0/toolchain/avr8/avr8-gnu-toolchain/bin/../lib/gcc/avr/5.4.0/../../../../avr/lib/avr5\libc.a(memcpy.o)
 .data          0x00000000        0x0 c:/program files (x86)/atmel/studio/7.0/toolchain/avr8/avr8-gnu-toolchain/bin/../lib/gcc/avr/5.4.0/../../../../avr/lib/avr5\libc.a(memcpy.o)
 .bss           0x00000000        0x0 c:/program files (x86)/atmel/studio/7.0/toolchain/avr8/avr8-gnu-toolchain/bin/../lib/gcc/avr/5.4.0/../../../../avr/lib/avr5\libc.a(memcpy.o)

Memory Configuration

Name             Origin             Length             Attributes
text             0x00000000         0x00008000         xr
data             0x00800060         0x00000800         rw !x
eeprom           0x00810000         0x00000400         rw !x
fuse             0x00820000         0x00000002         rw !x
lock             0x00830000         0x00000400         rw !x
signature        0x00840000         0x00000400         rw !x
user_signatures  0x00850000         0x00000400         rw !x
*default*        0x00000000         0xffffffff

Linker script and memory map

LOAD C:/Program Files (x86)/Atmel/Studio/7.0/Packs/atmel/ATmega_DFP/1.7.374/gcc/dev/atmega32/avr5/crtatmega32.o
LOAD DIO_Prog.o
LOAD Free_RTOS/heap_2.o
LOAD Free_RTOS/list.o
LOAD Free_RTOS/port.o
LOAD Free_RTOS/queue.o
LOAD Free_RTOS/tasks.o
LOAD LCD_Prog.o
LOAD main.o
START GROUP
LOAD c:/program files (x86)/atmel/studio/7.0/toolchain/avr8/avr8-gnu-toolchain/bin/../lib/gcc/avr/5.4.0/../../../../avr/lib/avr5\libm.a
END GROUP
START GROUP
LOAD c:/program files (x86)/atmel/studio/7.0/toolchain/avr8/avr8-gnu-toolchain/bin/../lib/gcc/avr/5.4.0/avr5\libgcc.a
LOAD c:/program files (x86)/atmel/studio/7.0/toolchain/avr8/avr8-gnu-toolchain/bin/../lib/gcc/avr/5.4.0/../../../../avr/lib/avr5\libm.a
LOAD c:/program files (x86)/atmel/studio/7.0/toolchain/avr8/avr8-gnu-toolchain/bin/../lib/gcc/avr/5.4.0/../../../../avr/lib/avr5\libc.a
LOAD C:/Program Files (x86)/Atmel/Studio/7.0/Packs/atmel/ATmega_DFP/1.7.374/gcc/dev/atmega32/avr5\libatmega32.a
END GROUP
                0x00000000                __TEXT_REGION_ORIGIN__ = DEFINED (__TEXT_REGION_ORIGIN__)?__TEXT_REGION_ORIGIN__:0x0
                [0x00800060]                __DATA_REGION_ORIGIN__ = DEFINED (__DATA_REGION_ORIGIN__)?__DATA_REGION_ORIGIN__:0x800060
                [0x00008000]                __TEXT_REGION_LENGTH__ = DEFINED (__TEXT_REGION_LENGTH__)?__TEXT_REGION_LENGTH__:0x20000
                [0x00000800]                __DATA_REGION_LENGTH__ = DEFINED (__DATA_REGION_LENGTH__)?__DATA_REGION_LENGTH__:0xffa0
                [0x00000400]                __EEPROM_REGION_LENGTH__ = DEFINED (__EEPROM_REGION_LENGTH__)?__EEPROM_REGION_LENGTH__:0x10000
                [0x00000002]                __FUSE_REGION_LENGTH__ = DEFINED (__FUSE_REGION_LENGTH__)?__FUSE_REGION_LENGTH__:0x400
                0x00000400                __LOCK_REGION_LENGTH__ = DEFINED (__LOCK_REGION_LENGTH__)?__LOCK_REGION_LENGTH__:0x400
                0x00000400                __SIGNATURE_REGION_LENGTH__ = DEFINED (__SIGNATURE_REGION_LENGTH__)?__SIGNATURE_REGION_LENGTH__:0x400
                0x00000400                __USER_SIGNATURE_REGION_LENGTH__ = DEFINED (__USER_SIGNATURE_REGION_LENGTH__)?__USER_SIGNATURE_REGION_LENGTH__:0x400

.hash
 *(.hash)

.dynsym
 *(.dynsym)

.dynstr
 *(.dynstr)

.gnu.version
 *(.gnu.version)

.gnu.version_d
 *(.gnu.version_d)

.gnu.version_r
 *(.gnu.version_r)

.rel.init
 *(.rel.init)

.rela.init
 *(.rela.init)

.rel.text
 *(.rel.text)
 *(.rel.text.*)
 *(.rel.gnu.linkonce.t*)

.rela.text
 *(.rela.text)
 *(.rela.text.*)
 *(.rela.gnu.linkonce.t*)

.rel.fini
 *(.rel.fini)

.rela.fini
 *(.rela.fini)

.rel.rodata
 *(.rel.rodata)
 *(.rel.rodata.*)
 *(.rel.gnu.linkonce.r*)

.rela.rodata
 *(.rela.rodata)
 *(.rela.rodata.*)
 *(.rela.gnu.linkonce.r*)

.rel.data
 *(.rel.data)
 *(.rel.data.*)
 *(.rel.gnu.linkonce.d*)

.rela.data
 *(.rela.data)
 *(.rela.data.*)
 *(.rela.gnu.linkonce.d*)

.rel.ctors
 *(.rel.ctors)

.rela.ctors
 *(.rela.ctors)

.rel.dtors
 *(.rel.dtors)

.rela.dtors
 *(.rela.dtors)

.rel.got
 *(.rel.got)

.rela.got
 *(.rela.got)

.rel.bss
 *(.rel.bss)

.rela.bss
 *(.rela.bss)

.rel.plt
 *(.rel.plt)

.rela.plt
 *(.rela.plt)

.text           0x00000000     0x17f2
 *(.vectors)
 .vectors       0x00000000       0x54 C:/Program Files (x86)/Atmel/Studio/7.0/Packs/atmel/ATmega_DFP/1.7.374/gcc/dev/atmega32/avr5/crtatmega32.o
                0x00000000                __vector_default
                0x00000000                __vectors
 *(.vectors)
 *(.progmem.gcc*)
                0x00000054                . = ALIGN (0x2)
                0x00000054                __trampolines_start = .
 *(.trampolines)
 .trampolines   0x00000054        0x0 linker stubs
 *(.trampolines*)
                0x00000054                __trampolines_end = .
 *libprintf_flt.a:*(.progmem.data)
 *libc.a:*(.progmem.data)
 *(.progmem*)
                0x00000054                . = ALIGN (0x2)
 *(.jumptables)
 *(.jumptables*)
 *(.lowtext)
 *(.lowtext*)
                0x00000054                __ctors_start = .
 *(.ctors)
                0x00000054                __ctors_end = .
                0x00000054                __dtors_start = .
 *(.dtors)
                0x00000054                __dtors_end = .
 SORT(*)(.ctors)
 SORT(*)(.dtors)
 *(.init0)
 .init0         0x00000054        0x0 C:/Program Files (x86)/Atmel/Studio/7.0/Packs/atmel/ATmega_DFP/1.7.374/gcc/dev/atmega32/avr5/crtatmega32.o
                0x00000054                __init
 *(.init0)
 *(.init1)
 *(.init1)
 *(.init2)
 .init2         0x00000054        0xc C:/Program Files (x86)/Atmel/Studio/7.0/Packs/atmel/ATmega_DFP/1.7.374/gcc/dev/atmega32/avr5/crtatmega32.o
 *(.init2)
 *(.init3)
 *(.init3)
 *(.init4)
 .init4         0x00000060       0x16 c:/program files (x86)/atmel/studio/7.0/toolchain/avr8/avr8-gnu-toolchain/bin/../lib/gcc/avr/5.4.0/avr5\libgcc.a(_copy_data.o)
                0x00000060                __do_copy_data
 .init4         0x00000076       0x10 c:/program files (x86)/atmel/studio/7.0/toolchain/avr8/avr8-gnu-toolchain/bin/../lib/gcc/avr/5.4.0/avr5\libgcc.a(_clear_bss.o)
                0x00000076                __do_clear_bss
 *(.init4)
 *(.init5)
 *(.init5)
 *(.init6)
 *(.init6)
 *(.init7)
 *(.init7)
 *(.init8)
 *(.init8)
 *(.init9)
 .init9         0x00000086        0x8 C:/Program Files (x86)/Atmel/Studio/7.0/Packs/atmel/ATmega_DFP/1.7.374/gcc/dev/atmega32/avr5/crtatmega32.o
 *(.init9)
 *(.text)
 .text          0x0000008e        0x4 C:/Program Files (x86)/Atmel/Studio/7.0/Packs/atmel/ATmega_DFP/1.7.374/gcc/dev/atmega32/avr5/crtatmega32.o
                0x0000008e                __vector_1
                0x0000008e                __vector_12
                0x0000008e                __bad_interrupt
                0x0000008e                __vector_6
                0x0000008e                __vector_3
                0x0000008e                __vector_11
                0x0000008e                __vector_13
                0x0000008e                __vector_17
                0x0000008e                __vector_19
                0x0000008e                __vector_5
                0x0000008e                __vector_4
                0x0000008e                __vector_9
                0x0000008e                __vector_2
                0x0000008e                __vector_15
                0x0000008e                __vector_8
                0x0000008e                __vector_14
                0x0000008e                __vector_10
                0x0000008e                __vector_16
                0x0000008e                __vector_18
                0x0000008e                __vector_20
                0x00000092                . = ALIGN (0x2)
 *(.text.*)
 .text.DIO_void_Set_pin_val
                0x00000092       0xe2 DIO_Prog.o
                0x00000092                DIO_void_Set_pin_val
 .text.set_port_dir
                0x00000174       0x4e DIO_Prog.o
                0x00000174                set_port_dir
 .text.prvHeapInit
                0x000001c2       0x36 Free_RTOS/heap_2.o
 .text.pvPortMalloc
                0x000001f8       0xf8 Free_RTOS/heap_2.o
                0x000001f8                pvPortMalloc
 .text.vPortFree
                0x000002f0       0x66 Free_RTOS/heap_2.o
                0x000002f0                vPortFree
 .text.vListInitialise
                0x00000356       0x1c Free_RTOS/list.o
                0x00000356                vListInitialise
 .text.vListInitialiseItem
                0x00000372        0x8 Free_RTOS/list.o
                0x00000372                vListInitialiseItem
 .text.vListInsertEnd
                0x0000037a       0x42 Free_RTOS/list.o
                0x0000037a                vListInsertEnd
 .text.vListInsert
                0x000003bc       0x62 Free_RTOS/list.o
                0x000003bc                vListInsert
 .text.uxListRemove
                0x0000041e       0x4c Free_RTOS/list.o
                0x0000041e                uxListRemove
 .text.prvSetupTimerInterrupt
                0x0000046a       0x12 Free_RTOS/port.o
 .text.pxPortInitialiseStack
                0x0000047c       0xd8 Free_RTOS/port.o
                0x0000047c                pxPortInitialiseStack
 .text.xPortStartScheduler
                0x00000554       0x5e Free_RTOS/port.o
                0x00000554                xPortStartScheduler
 .text.vPortYield
                0x000005b2       0xb2 Free_RTOS/port.o
                0x000005b2                vPortYield
 .text.__vector_7
                0x00000664       0x48 Free_RTOS/port.o
                0x00000664                __vector_7
 .text.prvIsQueueEmpty
                0x000006ac       0x1a Free_RTOS/queue.o
 .text.prvIsQueueFull
                0x000006c6       0x1c Free_RTOS/queue.o
 .text.prvCopyDataToQueue
                0x000006e2       0xbe Free_RTOS/queue.o
 .text.prvCopyDataFromQueue
                0x000007a0       0x34 Free_RTOS/queue.o
 .text.prvUnlockQueue
                0x000007d4       0x68 Free_RTOS/queue.o
 .text.xQueueGenericReset
                0x0000083c       0x84 Free_RTOS/queue.o
                0x0000083c                xQueueGenericReset
 .text.prvInitialiseNewQueue
                0x000008c0       0x26 Free_RTOS/queue.o
 .text.xQueueGenericCreate
                0x000008e6       0x54 Free_RTOS/queue.o
                0x000008e6                xQueueGenericCreate
 .text.xQueueGenericSend
                0x0000093a      0x114 Free_RTOS/queue.o
                0x0000093a                xQueueGenericSend
 .text.xQueueGenericReceive
                0x00000a4e      0x174 Free_RTOS/queue.o
                0x00000a4e                xQueueGenericReceive
 .text.prvResetNextTaskUnblockTime
                0x00000bc2       0x3e Free_RTOS/tasks.o
 .text.prvDeleteTCB
                0x00000c00       0x1a Free_RTOS/tasks.o
 .text.prvInitialiseNewTask
                0x00000c1a       0xd6 Free_RTOS/tasks.o
 .text.prvInitialiseTaskLists
                0x00000cf0       0x6e Free_RTOS/tasks.o
 .text.prvAddNewTaskToReadyList
                0x00000d5e       0xac Free_RTOS/tasks.o
 .text.prvAddCurrentTaskToDelayedList
                0x00000e0a       0xb0 Free_RTOS/tasks.o
 .text.xTaskCreate
                0x00000eba       0xa8 Free_RTOS/tasks.o
                0x00000eba                xTaskCreate
 .text.vTaskStartScheduler
                0x00000f62       0x54 Free_RTOS/tasks.o
                0x00000f62                vTaskStartScheduler
 .text.vTaskSuspendAll
                0x00000fb6        0xc Free_RTOS/tasks.o
                0x00000fb6                vTaskSuspendAll
 .text.xTaskIncrementTick
                0x00000fc2      0x114 Free_RTOS/tasks.o
                0x00000fc2                xTaskIncrementTick
 .text.xTaskResumeAll
                0x000010d6       0xd4 Free_RTOS/tasks.o
                0x000010d6                xTaskResumeAll
 .text.vTaskDelay
                0x000011aa       0x2c Free_RTOS/tasks.o
                0x000011aa                vTaskDelay
 .text.prvCheckTasksWaitingTermination
                0x000011d6       0x5c Free_RTOS/tasks.o
 .text.prvIdleTask
                0x00001232        0xa Free_RTOS/tasks.o
 .text.vTaskSwitchContext
                0x0000123c       0xa8 Free_RTOS/tasks.o
                0x0000123c                vTaskSwitchContext
 .text.vTaskPlaceOnEventList
                0x000012e4       0x24 Free_RTOS/tasks.o
                0x000012e4                vTaskPlaceOnEventList
 .text.xTaskRemoveFromEventList
                0x00001308       0x90 Free_RTOS/tasks.o
                0x00001308                xTaskRemoveFromEventList
 .text.vTaskSetTimeOutState
                0x00001398       0x16 Free_RTOS/tasks.o
                0x00001398                vTaskSetTimeOutState
 .text.xTaskCheckForTimeOut
                0x000013ae       0x72 Free_RTOS/tasks.o
                0x000013ae                xTaskCheckForTimeOut
 .text.vTaskMissedYield
                0x00001420        0x8 Free_RTOS/tasks.o
                0x00001420                vTaskMissedYield
 .text.vTaskPriorityInherit
                0x00001428       0xc4 Free_RTOS/tasks.o
                0x00001428                vTaskPriorityInherit
 .text.xTaskPriorityDisinherit
                0x000014ec       0x80 Free_RTOS/tasks.o
                0x000014ec                xTaskPriorityDisinherit
 .text.pvTaskIncrementMutexHeldCount
                0x0000156c       0x24 Free_RTOS/tasks.o
                0x0000156c                pvTaskIncrementMutexHeldCount
 .text.SH_Data  0x00001590       0x64 LCD_Prog.o
 .text.LCD_Send_Enable_Pulse
                0x000015f4       0x22 LCD_Prog.o
 .text.LCD_send_command
                0x00001616       0x34 LCD_Prog.o
                0x00001616                LCD_send_command
 .text.LCD_init
                0x0000164a       0x3e LCD_Prog.o
                0x0000164a                LCD_init
 .text.LCD_send_data
                0x00001688       0x34 LCD_Prog.o
                0x00001688                LCD_send_data
 .text.LCD_send_string
                0x000016bc       0x26 LCD_Prog.o
                0x000016bc                LCD_send_string
 .text.task1    0x000016e2       0x42 main.o
                0x000016e2                task1
 .text.task2    0x00001724       0x42 main.o
                0x00001724                task2
 .text.main     0x00001766       0x76 main.o
                0x00001766                main
 .text.avr-libc
                0x000017dc       0x12 c:/program files (x86)/atmel/studio/7.0/toolchain/avr8/avr8-gnu-toolchain/bin/../lib/gcc/avr/5.4.0/../../../../avr/lib/avr5\libc.a(memcpy.o)
                0x000017dc                memcpy
                0x000017ee                . = ALIGN (0x2)
 *(.fini9)
 .fini9         0x000017ee        0x0 c:/program files (x86)/atmel/studio/7.0/toolchain/avr8/avr8-gnu-toolchain/bin/../lib/gcc/avr/5.4.0/avr5\libgcc.a(_exit.o)
                0x000017ee                _exit
                0x000017ee                exit
 *(.fini9)
 *(.fini8)
 *(.fini8)
 *(.fini7)
 *(.fini7)
 *(.fini6)
 *(.fini6)
 *(.fini5)
 *(.fini5)
 *(.fini4)
 *(.fini4)
 *(.fini3)
 *(.fini3)
 *(.fini2)
 *(.fini2)
 *(.fini1)
 *(.fini1)
 *(.fini0)
 .fini0         0x000017ee        0x4 c:/program files (x86)/atmel/studio/7.0/toolchain/avr8/avr8-gnu-toolchain/bin/../lib/gcc/avr/5.4.0/avr5\libgcc.a(_exit.o)
 *(.fini0)
                0x000017f2                _etext = .

.data           0x00800060       0x20 load address 0x000017f2
                0x00800060                PROVIDE (__data_start, .)
 *(.data)
 *(.data*)
 .data.xFreeBytesRemaining
                0x00800060        0x2 Free_RTOS/heap_2.o
 *(.gnu.linkonce.d*)
 *(.rodata)
 *(.rodata*)
 .rodata.str1.1
                0x00800062        0x5 Free_RTOS/tasks.o
 .rodata.str1.1
                0x00800067       0x19 main.o
 *(.gnu.linkonce.r*)
                0x00800080                . = ALIGN (0x2)
                0x00800080                _edata = .
                0x00800080                PROVIDE (__data_end, .)

.bss            0x00800080      0x486
                0x00800080                PROVIDE (__bss_start, .)
 *(.bss)
 *(.bss*)
 .bss.xHeapHasBeenInitialised.2079
                0x00800080        0x1 Free_RTOS/heap_2.o
 .bss.xEnd      0x00800081        0x4 Free_RTOS/heap_2.o
 .bss.xStart    0x00800085        0x4 Free_RTOS/heap_2.o
 .bss.ucHeap    0x00800089      0x3e8 Free_RTOS/heap_2.o
 .bss.uxSchedulerSuspended
                0x00800471        0x1 Free_RTOS/tasks.o
 .bss.xIdleTaskHandle
                0x00800472        0x2 Free_RTOS/tasks.o
 .bss.xNextTaskUnblockTime
                0x00800474        0x2 Free_RTOS/tasks.o
 .bss.uxTaskNumber
                0x00800476        0x1 Free_RTOS/tasks.o
 .bss.xNumOfOverflows
                0x00800477        0x1 Free_RTOS/tasks.o
 .bss.xYieldPending
                0x00800478        0x1 Free_RTOS/tasks.o
 .bss.uxPendedTicks
                0x00800479        0x1 Free_RTOS/tasks.o
 .bss.xSchedulerRunning
                0x0080047a        0x1 Free_RTOS/tasks.o
 .bss.uxTopReadyPriority
                0x0080047b        0x1 Free_RTOS/tasks.o
 .bss.xTickCount
                0x0080047c        0x2 Free_RTOS/tasks.o
 .bss.uxCurrentNumberOfTasks
                0x0080047e        0x1 Free_RTOS/tasks.o
 .bss.xSuspendedTaskList
                0x0080047f        0x9 Free_RTOS/tasks.o
 .bss.uxDeletedTasksWaitingCleanUp
                0x00800488        0x1 Free_RTOS/tasks.o
 .bss.xTasksWaitingTermination
                0x00800489        0x9 Free_RTOS/tasks.o
 .bss.xPendingReadyList
                0x00800492        0x9 Free_RTOS/tasks.o
 .bss.pxOverflowDelayedTaskList
                0x0080049b        0x2 Free_RTOS/tasks.o
 .bss.pxDelayedTaskList
                0x0080049d        0x2 Free_RTOS/tasks.o
 .bss.xDelayedTaskList2
                0x0080049f        0x9 Free_RTOS/tasks.o
 .bss.xDelayedTaskList1
                0x008004a8        0x9 Free_RTOS/tasks.o
 .bss.pxReadyTasksLists
                0x008004b1       0x51 Free_RTOS/tasks.o
 .bss.pxCurrentTCB
                0x00800502        0x2 Free_RTOS/tasks.o
                0x00800502                pxCurrentTCB
 *(COMMON)
 COMMON         0x00800504        0x2 main.o
                0x00800504                LCD_SEM
                0x00800506                PROVIDE (__bss_end, .)
                0x000017f2                __data_load_start = LOADADDR (.data)
                0x00001812                __data_load_end = (__data_load_start + SIZEOF (.data))

.noinit         0x00800506        0x0
                [!provide]                PROVIDE (__noinit_start, .)
 *(.noinit*)
                [!provide]                PROVIDE (__noinit_end, .)
                0x00800506                _end = .
                [!provide]                PROVIDE (__heap_start, .)

.eeprom         0x00810000        0x0
 *(.eeprom*)
                0x00810000                __eeprom_end = .

.fuse
 *(.fuse)
 *(.lfuse)
 *(.hfuse)
 *(.efuse)

.lock
 *(.lock*)

.signature
 *(.signature*)

.user_signatures
 *(.user_signatures*)

.stab
 *(.stab)

.stabstr
 *(.stabstr)

.stab.excl
 *(.stab.excl)

.stab.exclstr
 *(.stab.exclstr)

.stab.index
 *(.stab.index)

.stab.indexstr
 *(.stab.indexstr)

.comment        0x00000000       0x30
 *(.comment)
 .comment       0x00000000       0x30 DIO_Prog.o
                                 0x31 (size before relaxing)
 .comment       0x00000030       0x31 Free_RTOS/heap_2.o
 .comment       0x00000030       0x31 Free_RTOS/list.o
 .comment       0x00000030       0x31 Free_RTOS/port.o
 .comment       0x00000030       0x31 Free_RTOS/queue.o
 .comment       0x00000030       0x31 Free_RTOS/tasks.o
 .comment       0x00000030       0x31 LCD_Prog.o
 .comment       0x00000030       0x31 main.o

.note.gnu.avr.deviceinfo
                0x00000000       0x3c
 .note.gnu.avr.deviceinfo
                0x00000000       0x3c C:/Program Files (x86)/Atmel/Studio/7.0/Packs/atmel/ATmega_DFP/1.7.374/gcc/dev/atmega32/avr5/crtatmega32.o

.note.gnu.build-id
 *(.note.gnu.build-id)

.debug
 *(.debug)

.line
 *(.line)

.debug_srcinfo
 *(.debug_srcinfo)

.debug_sfnames
 *(.debug_sfnames)

.debug_aranges  0x00000000      0x3e8
 *(.debug_aranges)
 .debug_aranges
                0x00000000       0x48 DIO_Prog.o
 .debug_aranges
                0x00000048       0x40 Free_RTOS/heap_2.o
 .debug_aranges
                0x00000088       0x40 Free_RTOS/list.o
 .debug_aranges
                0x000000c8       0x50 Free_RTOS/port.o
 .debug_aranges
                0x00000118       0xc8 Free_RTOS/queue.o
 .debug_aranges
                0x000001e0      0x180 Free_RTOS/tasks.o
 .debug_aranges
                0x00000360       0x58 LCD_Prog.o
 .debug_aranges
                0x000003b8       0x30 main.o

.debug_pubnames
 *(.debug_pubnames)

.debug_info     0x00000000     0x4628
 *(.debug_info .gnu.linkonce.wi.*)
 .debug_info    0x00000000      0x4e6 C:/Program Files (x86)/Atmel/Studio/7.0/Packs/atmel/ATmega_DFP/1.7.374/gcc/dev/atmega32/avr5/crtatmega32.o
 .debug_info    0x000004e6      0x1f9 DIO_Prog.o
 .debug_info    0x000006df      0x329 Free_RTOS/heap_2.o
 .debug_info    0x00000a08      0x2cd Free_RTOS/list.o
 .debug_info    0x00000cd5      0x24e Free_RTOS/port.o
 .debug_info    0x00000f23     0x1137 Free_RTOS/queue.o
 .debug_info    0x0000205a     0x1c66 Free_RTOS/tasks.o
 .debug_info    0x00003cc0      0x57d LCD_Prog.o
 .debug_info    0x0000423d      0x3eb main.o

.debug_abbrev   0x00000000     0x10ed
 *(.debug_abbrev)
 .debug_abbrev  0x00000000      0x4a3 C:/Program Files (x86)/Atmel/Studio/7.0/Packs/atmel/ATmega_DFP/1.7.374/gcc/dev/atmega32/avr5/crtatmega32.o
 .debug_abbrev  0x000004a3       0xb4 DIO_Prog.o
 .debug_abbrev  0x00000557      0x1a0 Free_RTOS/heap_2.o
 .debug_abbrev  0x000006f7       0xf8 Free_RTOS/list.o
 .debug_abbrev  0x000007ef      0x15d Free_RTOS/port.o
 .debug_abbrev  0x0000094c      0x21e Free_RTOS/queue.o
 .debug_abbrev  0x00000b6a      0x2b8 Free_RTOS/tasks.o
 .debug_abbrev  0x00000e22      0x1d4 LCD_Prog.o
 .debug_abbrev  0x00000ff6       0xf7 main.o

.debug_line     0x00000000     0x2932
 *(.debug_line .debug_line.* .debug_line_end)
 .debug_line    0x00000000      0x116 C:/Program Files (x86)/Atmel/Studio/7.0/Packs/atmel/ATmega_DFP/1.7.374/gcc/dev/atmega32/avr5/crtatmega32.o
 .debug_line    0x00000116      0x231 DIO_Prog.o
 .debug_line    0x00000347      0x29f Free_RTOS/heap_2.o
 .debug_line    0x000005e6      0x1d3 Free_RTOS/list.o
 .debug_line    0x000007b9      0x2a6 Free_RTOS/port.o
 .debug_line    0x00000a5f      0x8af Free_RTOS/queue.o
 .debug_line    0x0000130e     0x110c Free_RTOS/tasks.o
 .debug_line    0x0000241a      0x36c LCD_Prog.o
 .debug_line    0x00002786      0x1ac main.o

.debug_frame    0x00000000      0xc2c
 *(.debug_frame)
 .debug_frame   0x00000000       0x74 DIO_Prog.o
 .debug_frame   0x00000074       0x8c Free_RTOS/heap_2.o
 .debug_frame   0x00000100       0x88 Free_RTOS/list.o
 .debug_frame   0x00000188       0xcc Free_RTOS/port.o
 .debug_frame   0x00000254      0x2b0 Free_RTOS/queue.o
 .debug_frame   0x00000504      0x5b8 Free_RTOS/tasks.o
 .debug_frame   0x00000abc      0x11c LCD_Prog.o
 .debug_frame   0x00000bd8       0x54 main.o

.debug_str      0x00000000     0x158f
 *(.debug_str)
 .debug_str     0x00000000      0x196 C:/Program Files (x86)/Atmel/Studio/7.0/Packs/atmel/ATmega_DFP/1.7.374/gcc/dev/atmega32/avr5/crtatmega32.o
 .debug_str     0x00000196      0x1e4 DIO_Prog.o
                                0x21d (size before relaxing)
 .debug_str     0x0000037a      0x19e Free_RTOS/heap_2.o
                                0x2f6 (size before relaxing)
 .debug_str     0x00000518      0x13d Free_RTOS/list.o
                                0x2ad (size before relaxing)
 .debug_str     0x00000655      0x120 Free_RTOS/port.o
                                0x2a6 (size before relaxing)
 .debug_str     0x00000775      0x49a Free_RTOS/queue.o
                                0x745 (size before relaxing)
 .debug_str     0x00000c0f      0x808 Free_RTOS/tasks.o
                                0xcb9 (size before relaxing)
 .debug_str     0x00001417      0x13b LCD_Prog.o
                                0x2ab (size before relaxing)
 .debug_str     0x00001552       0x3d main.o
                                0x289 (size before relaxing)

.debug_loc      0x00000000     0x4329
 *(.debug_loc)
 .debug_loc     0x00000000      0x39c DIO_Prog.o
 .debug_loc     0x0000039c      0x2a8 Free_RTOS/heap_2.o
 .debug_loc     0x00000644      0x145 Free_RTOS/list.o
 .debug_loc     0x00000789      0x36b Free_RTOS/port.o
 .debug_loc     0x00000af4     0x14a2 Free_RTOS/queue.o
 .debug_loc     0x00001f96     0x1e50 Free_RTOS/tasks.o
 .debug_loc     0x00003de6      0x4e1 LCD_Prog.o
 .debug_loc     0x000042c7       0x62 main.o

.debug_macinfo
 *(.debug_macinfo)

.debug_weaknames
 *(.debug_weaknames)

.debug_funcnames
 *(.debug_funcnames)

.debug_typenames
 *(.debug_typenames)

.debug_varnames
 *(.debug_varnames)

.debug_pubtypes
 *(.debug_pubtypes)

.debug_ranges   0x00000000      0x3d0
 *(.debug_ranges)
 .debug_ranges  0x00000000       0x38 DIO_Prog.o
 .debug_ranges  0x00000038       0x30 Free_RTOS/heap_2.o
 .debug_ranges  0x00000068       0x30 Free_RTOS/list.o
 .debug_ranges  0x00000098       0x40 Free_RTOS/port.o
 .debug_ranges  0x000000d8      0x100 Free_RTOS/queue.o
 .debug_ranges  0x000001d8      0x190 Free_RTOS/tasks.o
 .debug_ranges  0x00000368       0x48 LCD_Prog.o
 .debug_ranges  0x000003b0       0x20 main.o

.debug_macro
 *(.debug_macro)
OUTPUT(Free_Rtos_LCD.elf elf32-avr)
LOAD linker stubs
